         run       event       nTopo   nIdTracks       nJets      nMuons       nElec   nTrueElec   nFakeElec       nPhot   nTruePhot   nFakePhot
      330470  1183722156         360         387           6           1           3           0           3          12           0          12
      330470  1183722158           1           0           0           0           0           0           0           0           0           0
      330470  1183722342         394         428          16           0           2           0           2          15           0          15
      330470  1183723677         583         579          17           2          13           0          13          33           0          33
      330470  1183725127         367         451          13           2           9           0           9          16           0          16
      330470  1183727515         408         374           6           0           7           0           7          19           0          19
      330470  1183727953         532         590          11           4           7           0           7          24           0          24
      330470  1183728466         399         441          14           1          11           0          11          14           0          14
      330470  1183730486         406         399          17           3           0           0           0          20           0          20
      330470  1183731884         420         373           6           2           3           0           3          12           0          12
      330470  1183732647         467         484          12           1           8           0           8          20           0          20
      330470  1183733040         381         288           6           1           5           0           5          10           0          10
      330470  1183733727         678         784          19           1           5           0           5          35           0          35
      330470  1183734651         361         368          14           3           5           0           5          18           0          18
      330470  1183734871         556         590          14           2          14           0          14          21           0          21
      330470  1183735332         406         385           9           1           5           0           5          10           0          10
      330470  1183735786         311         217           7           1           0           0           0           8           0           8
      330470  1183736364         427         402          15           1           6           0           6          16           0          16
      330470  1183736418         466         482          12           2          13           0          13          17           0          17
      330470  1183736475         741         683          15           1           2           0           2          22           0          22
      330470  1183737047         481         535          19           1           6           0           6          24           0          24
      330470  1183738728           1           0           0           0           0           0           0           0           0           0
      330470  1183738949         368         444           9           1           5           0           5          11           0          11
      330470  1183741011         240         348           6           3           5           0           5          13           0          13
      330470  1183742016         289         307           6           1           4           0           4           6           0           6
      330470  1183742489         152         127           2           1           1           0           1           1           0           1
      330470  1183743040         285         326           5           0           3           0           3           5           0           5
      330470  1183744491         530         638          17           0          13           0          13          16           0          16
      330470  1183744557         302         332           8           0           4           0           4          11           0          11
      330470  1183744941         316         384          14           2           7           0           7          17           0          17
      330470  1183745001         320         375           8           0          10           0          10          12           0          12
      330470  1183745889         371         377          11           1           5           0           5          10           0          10
      330470  1183746019         446         476          11           0           7           0           7          24           0          24
      330470  1183746343         492         492          12           0           3           0           3          16           0          16
      330470  1183746668         459         364          13           0           7           0           7          20           0          20
      330470  1183746710           6           0           0           0           0           0           0           0           0           0
      330470  1183748136         663         644          15           1          12           0          12          26           0          26
      330470  1183748263         396         401          10           2           8           0           8          16           0          16
      330470  1183748421         460         422          10           1           8           0           8          15           0          15
      330470  1183750781         377         365          12           1           5           0           5          16           0          16
      330470  1183751782         239         246           2           0           0           0           0           6           0           6
      330470  1183752624         347         366           7           2           5           0           5          15           0          15
      330470  1183753006         357         398          11           3           4           0           4          14           0          14
      330470  1183753541         400         454           9           2           8           0           8          11           0          11
      330470  1183754806         470         423          14           0           2           0           2          17           0          17
      330470  1183756180         447         365          15           0           2           0           2          16           0          16
      330470  1183756295         367         448          13           3           7           0           7          12           0          12
      330470  1183756951         283         271           3           1           2           0           2           4           0           4
      330470  1183757556         300         264           7           1           5           0           5          10           0          10
      330470  1183758317         685         726          16           1          13           0          13          29           0          29
      330470  1183758663         340         307           8           0           5           0           5          11           0          11
      330470  1183759087         476         447          15           2           8           0           8          19           0          19
      330470  1183764842         585         633          17           1          15           0          15          29           0          29
      330470  1183765366         464         497           9           1           6           0           6          10           0          10
      330470  1183765436         301         204          10           0           5           0           5           5           0           5
      330470  1183768132         410         426           9           2           4           0           4          15           0          15
      330470  1183769295         342         335           7           2           0           0           0           6           0           6
      330470  1183769514         383         370           9           3           2           0           2          14           0          14
      330470  1183769939         348         362          10           3           8           0           8          11           0          11
      330470  1183771482         391         433          11           1           8           0           8          17           0          17
      330470  1183771838         409         312          11           0           4           0           4          17           0          17
      330470  1183771849         555         426          12           2           9           0           9          25           0          25
      330470  1183773832         307         209           7           0           2           0           2          13           0          13
      330470  1183775209          57           0           0           0           0           0           0           0           0           0
      330470  1183776444         450         413          13           3           4           0           4          14           0          14
      330470  1183777434         310         328           9           0           4           0           4          13           0          13
      330470  1183780039         444         377          12           4           2           0           2          16           0          16
      330470  1183780441         560         542          12           4           8           0           8          29           0          29
      330470  1183782439         478         544          15           2           6           0           6          18           0          18
      330470  1183782592         487         553           9           3           6           0           6          16           0          16
      330470  1183782928         539         633          15           3           8           0           8          25           0          25
      330470  1183787124         431         383          10           2           3           0           3          17           0          17
      330470  1183787218         252         196           6           0           3           0           3           9           0           9
      330470  1183787604         393         409          13           1           6           0           6          18           0          18
      330470  1183787946         321         325           5           1           2           0           2           9           0           9
      330470  1183791251         244         235           6           0           3           0           3          10           0          10
      330470  1183791330         473         698          15           2           9           0           9          16           0          16
      330470  1183794655         393         364           7           1           3           0           3           5           0           5
      330470  1183795260         773         644          23           2           6           0           6          37           0          37
      330470  1183795329         458         355          18           0           4           0           4          14           0          14
      330470  1183797726         498         459          17           0           5           0           5          19           0          19
      330470  1183797788         582         502          21           2          10           0          10          34           0          34
      330470  1183799182         527         499           9           0           3           0           3          22           0          22
      330470  1183801077         415         446           9           1           5           0           5          22           0          22
      330470  1183801428         382         340          10           0           4           0           4           9           0           9
      330470  1183802242         434         392          12           3           8           0           8          19           0          19
      330470  1183804522         298         235           7           1           0           0           0           7           0           7
      330470  1183806285          10           0           0           0           0           0           0           0           0           0
      330470  1183807361         528         595          10           3           9           0           9          27           0          27
      330470  1183808819          67           0           1           0           0           0           0           4           0           4
      330470  1183809482         344         321           8           0           7           0           7          19           0          19
      330470  1183810366         418         450          13           1           2           0           2          11           0          11
      330470  1183812810         277         347           4           0           1           0           1           8           0           8
      330470  1183812846         410         466          10           2           7           0           7          20           0          20
      330470  1183813497         472         504           5           1           7           0           7          21           0          21
      330470  1183824371         362         307          10           0           2           0           2          12           0          12
      330470  1183830977         336         261          11           0           3           0           3          13           0          13
      330470  1183840173           2           0           0           1           0           0           0           0           0           0
      330470  1183842339         196         156           3           0           0           0           0           3           0           3
      330470  1183844385         400         394          14           1           4           0           4           8           0           8
