         run       event       nTopo   nIdTracks  nTauTracks       nTaus      nMuons       nElec   nTrueElec   nFakeElec       nPhot   nTruePhot   nFakePhot
      424070     2388923          14           0           0           0           0           0           0           0           0           0           0
      424070     2389551          11           0           0           0           0           0           0           0           0           0           0
      424070     2390944           9           0           0           0           0           0           0           0           0           0           0
      424070     2391204          16           0           0           0           0           0           0           0           0           0           0
      424070     2391435           7           0           0           0           0           0           0           0           0           0           0
      424070     2391877          83          11           0           0           0           0           0           0           0           0           0
      424070     2394484           6           0           0           0           0           0           0           0           0           0           0
      424070     2397735           9           0           0           0           0           0           0           0           0           0           0
      424070     2399196           6           0           0           0           0           0           0           0           0           0           0
      424070     2399243           7           0           0           0           0           0           0           0           0           0           0
      424070     2403832          45           1           0           1           0           0           0           0           0           0           0
      424070     2403962           7           0           0           0           0           0           0           0           0           0           0
      424070     2405729           8           0           0           0           0           0           0           0           0           0           0
      424070     2409712         128          21           0           0           1           0           0           0           1           0           1
      424070     2410284           6           0           0           0           0           0           0           0           0           0           0
      424070     2420170           9           0           0           0           0           0           0           0           0           0           0
      424070     2420920           7           0           0           0           0           0           0           0           0           0           0
      424070     2423940           7           0           0           0           0           0           0           0           0           0           0
      424070     2426068           6           0           0           0           0           0           0           0           0           0           0
      424070     2431696           6           0           0           0           0           0           0           0           0           0           0
      424070     2431928           8           0           0           0           0           0           0           0           0           0           0
      424070     2435594          12           0           0           0           0           0           0           0           0           0           0
      424070     2436750          22           0           0           0           0           0           0           0           0           0           0
      424070     2437765          11           0           0           0           1           0           0           0           0           0           0
      424070     2443556           9           0           0           1           0           0           0           0           0           0           0
