xAOD::Init                INFO    Environment initialised for data access
xAOD::TEvent::getEvent... WARNING Can't find EventFormatElement for hashed SG key 466416009
xAOD::TEvent::proxy_exact WARNING Can't find BranchInfo for 466416009.
xAOD::TEvent::addToStore  WARNING Function should only be called through an invalid ElementLink
xAOD::TEvent::getEvent... WARNING Can't find EventFormatElement for hashed SG key 232541402
xAOD::TEvent::proxy_exact WARNING Can't find BranchInfo for 232541402.
xAOD::TEvent::getEvent... WARNING Can't find EventFormatElement for hashed SG key 805826821
xAOD::TEvent::proxy_exact WARNING Can't find BranchInfo for 805826821.
xAOD::TEvent::getEvent... WARNING Can't find EventFormatElement for hashed SG key 946497385
xAOD::TEvent::proxy_exact WARNING Can't find BranchInfo for 946497385.
el_pt_from_iparticle.Mean() = 7482.14
el_pt_from_electron.Mean() = 7482.14
