INFO       LINE:146  Test getFromExplicitTE
DEBUG      LINE:151  Test progressing
DEBUG      LINE:156  Test progressing
DEBUG      LINE:162  Test progressing
DEBUG      LINE:167  Test progressing
DEBUG      LINE:172  Test progressing
INFO       LINE:179  Test getRecursivelyTEbyCLID
DEBUG      LINE:187  Test progressing
DEBUG      LINE:195  Test progressing
DEBUG      LINE:204  Test progressing
DEBUG      LINE:213  Test progressing
INFO       LINE:219  Test getRecursivelyTEbyLabel
DEBUG      LINE:226  Test progressing
DEBUG      LINE:232  Test progressing
DEBUG      LINE:238  Test progressing
INFO       LINE:249  Number of TEs before re-serailziation 11
INFO       LINE:256  size of serialzied navigation is 95
INFO       LINE:257  elements: 3 95 52 11
INFO       LINE:268  Number of TEs after deserailziation 11
INFO       LINE:299  tests after serialization, deserialization
DEBUG      LINE:33   dumpHolders
DEBUG      LINE:35   Holder CLID:6171771 label: initial sub: 0
DEBUG      LINE:35   Holder CLID:6171771 label: secondary sub: 1
DEBUG      LINE:35   Holder CLID:19188792 label: L2ElectronClusters sub: 3
DEBUG      LINE:35   Holder CLID:472619874 label: L2ElectronTracks sub: 0
DEBUG      LINE:35   Holder CLID:788776 label: L2Electrons sub: 0
INFO       LINE:146  Test getFromExplicitTE
DEBUG      LINE:151  Test progressing
DEBUG      LINE:156  Test progressing
DEBUG      LINE:162  Test progressing
DEBUG      LINE:167  Test progressing
DEBUG      LINE:172  Test progressing
INFO       LINE:179  Test getRecursivelyTEbyCLID
DEBUG      LINE:187  Test progressing
DEBUG      LINE:195  Test progressing
DEBUG      LINE:204  Test progressing
DEBUG      LINE:213  Test progressing
INFO       LINE:219  Test getRecursivelyTEbyLabel
DEBUG      LINE:226  Test progressing
DEBUG      LINE:232  Test progressing
DEBUG      LINE:238  Test progressing
OK         LINE:310  test passed
