Events to copy: 14350 14356 14382 
Checking file test_defl.data
Created DataWriter for file test_infl.data in directory .

File:test_defl.data
Event index: 1
Run:         20720
Event ID:    14350
LumiBlock:   18

File:test_defl.data
Event index: 2
Run:         20720
Event ID:    14356
LumiBlock:   19

File:test_defl.data
Event index: 3
Run:         20720
Event ID:    14382
LumiBlock:   19
Wrote 3 events to file test_infl.data
