DelayedConditionsCleanerSvc_test


Initializing Gaudi ApplicationMgr using job opts /home/sss/atlas/dvtest/build/joboptions/AthenaServices/DelayedConditionsCleanerSvc_test.txt
JobOptionsSvc        INFO # =======> /home/sss/atlas/dvtest/build/joboptions/AthenaServices/DelayedConditionsCleanerSvc_test.txt
JobOptionsSvc        INFO # (3,1): MessageSvc.OutputLevel = 2
JobOptionsSvc        INFO # (5,1): TestConditionsCleanerSvc.RingSize = 5
JobOptionsSvc        INFO # (6,1): TestConditionsCleanerSvc.CleanDelay = 100
JobOptionsSvc        INFO # (7,1): TestConditionsCleanerSvc.LookAhead = 10
JobOptionsSvc        INFO # (9,1): Athena::ConditionsCleanerSvc.CleanerSvc = "Athena::DelayedConditionsCleanerSvc"
JobOptionsSvc        INFO # (11,1): Athena::RCUSvc.HiveWhiteBoardSvc = "DummyWhiteBoardSvc"
JobOptionsSvc        INFO # (12,1): Athena::RCUSvc.IncidentSvc = "DummyIncidentSvc"
JobOptionsSvc        INFO Job options successfully read in from /home/sss/atlas/dvtest/build/joboptions/AthenaServices/DelayedConditionsCleanerSvc_test.txt
MessageSvc          DEBUG Service base class initialized successfully
ApplicationMgr      DEBUG Getting my own properties
ApplicationMgr    SUCCESS 
====================================================================================================================================
                                                   Welcome to ApplicationMgr (GaudiCoreSvc v27r1p99)
                                          running on karma on Thu Jun 30 14:16:18 2022
====================================================================================================================================
ApplicationMgr       INFO Application Manager Configured successfully
ServiceManager      DEBUG Initializing service AppMgrRunable
AppMgrRunable       DEBUG Service base class initialized successfully
ServiceManager      DEBUG Initializing service EventLoopMgr
EventLoopMgr        DEBUG Service base class initialized successfully
IncidentSvc         DEBUG Service base class initialized successfully
IncidentSvc         DEBUG Adding [AbortEvent] listener '<unknown>' with priority 0
EventDataSvc        DEBUG Service base class initialized successfully
EventPersistenc...  DEBUG Service base class initialized successfully
AlgExecStateSvc     DEBUG Service base class initialized successfully
EventLoopMgr      WARNING Unable to locate service "EventSelector" 
EventLoopMgr      WARNING No events will be processed from external input.
HistogramDataSvc    DEBUG Service base class initialized successfully
HistogramPersis...  DEBUG Service base class initialized successfully
HistogramPersis...  DEBUG Histograms saving not required.
ApplicationMgr       INFO Application Manager Initialized successfully
ApplicationMgr Ready
Athena::RCUSvc      DEBUG Service base class initialized successfully
DummyWhiteBoardSvc  DEBUG Service base class initialized successfully
DummyIncidentSvc    DEBUG Service base class initialized successfully
test1
test2
threaded_test
ClassIDSvc          DEBUG Service base class initialized successfully
IncidentSvc         DEBUG Adding [ModuleLoaded] listener 'ClassIDSvc' with priority 100
ClassIDSvc          DEBUG processCLIDDB: read 1556 entries from CLIDDB file: /home/sss/atlas/dvtest/build/share/clid.db
ClassIDSvc           INFO getRegistryEntries: read 3429 CLIDRegistry entries for module ALL
Athena::Delayed...   INFO Conditions container statistics
Athena::Delayed...   INFO   Work q: Max size: 28  (581 queries) 
Athena::Delayed...   INFO           Avg size: 23.19 / Avg removed: 3.76
Athena::Delayed...   INFO   lbn1                 nInserts    100 maxSize   4
Athena::Delayed...   INFO     nClean 100 avgRemoved 0.98 0/1/2+ 15/72/13
Athena::Delayed...   INFO   lbn2                 nInserts   1000 maxSize  16
Athena::Delayed...   INFO     nClean 581 avgRemoved 1.70 0/1/2+ 59/189/333
Athena::Delayed...   INFO   ts1                  nInserts    100 maxSize   4
Athena::Delayed...   INFO     nClean 100 avgRemoved 0.98 0/1/2+ 15/72/13
Athena::Delayed...   INFO   ts2                  nInserts   1000 maxSize  16
Athena::Delayed...   INFO     nClean 581 avgRemoved 1.70 0/1/2+ 59/189/333
