egammaMVACalib       INFO Accessing calibration from egammaMVACalib/online/v3
egammaMVACalib       INFO Reading weights from egammaMVACalib/online/v3
egammaMVACalib       INFO 114 readers created
egammaMVACalib       INFO egammaMVACalib::printReadersInfo 100 eta bin(s) -- ( 0 < abs(el_cl_eta) < 2.5
egammaMVACalib       INFO egammaMVACalib::printReadersInfo 100 energy bin(s) -- ( 0  < (el_rawcl_Es1 + el_rawcl_Es2 + el_rawcl_Es3)/cosh(el_cl_eta) < 50000GeV
egammaMVACalib       INFO Number of variables:8
egammaMVACalib       INFO Variable that defines particleType not set. Using default formula: ph_Rconv > 0. && ph_Rconv < 800.
egammaMVACalib       INFO Accessing calibration from egammaMVACalib/online/v3
egammaMVACalib       INFO Reading weights from egammaMVACalib/online/v3
egammaMVACalib       INFO 228 readers created
egammaMVACalib       INFO egammaMVACalib::printReadersInfo 100 eta bin(s) -- ( 0 < abs(ph_cl_eta) < 2.5
egammaMVACalib       INFO egammaMVACalib::printReadersInfo 100 energy bin(s) -- ( 0  < (ph_rawcl_Es1 + ph_rawcl_Es2 + ph_rawcl_Es3)/cosh(ph_cl_eta) < 50000GeV
egammaMVACalib       INFO Number of variables:12
[ 0.575108  0.213296  0.018116] GB
