ApplicationMgr       INFO Application Manager Configured successfully
EventTagReader      DEBUG Initializing EventTagReader
ApplicationMgr       INFO Application Manager Initialized successfully
ApplicationMgr       INFO Application Manager Started successfully
AthenaEventLoopMgr   INFO   ===>>>  start processing event #1, run #1 0 events processed so far  <<<===
EventTagReader      DEBUG Executing EventTagReader
EventTagReader      DEBUG Attribute list is: 
EventTagReader      DEBUG NAME RunNumber TYPE unsigned int VALUE RunNumber (unsigned int) : 1
EventTagReader      DEBUG NAME EventNumber TYPE unsigned long long VALUE EventNumber (unsigned long long) : 1
EventTagReader      DEBUG NAME EventTime TYPE unsigned int VALUE EventTime (unsigned int) : 0
EventTagReader      DEBUG NAME EventTimeNanoSec TYPE unsigned int VALUE EventTimeNanoSec (unsigned int) : 0
EventTagReader      DEBUG NAME LumiBlockN TYPE unsigned int VALUE LumiBlockN (unsigned int) : 0
EventTagReader      DEBUG NAME EventWeight TYPE float VALUE EventWeight (float) : 1
EventTagReader      DEBUG NAME BunchId TYPE unsigned int VALUE BunchId (unsigned int) : 0
EventTagReader      DEBUG NAME ConditionsRun TYPE unsigned int VALUE ConditionsRun (unsigned int) : 1
EventTagReader      DEBUG NAME PixelFlags TYPE unsigned int VALUE PixelFlags (unsigned int) : 0
EventTagReader      DEBUG NAME SCTFlags TYPE unsigned int VALUE SCTFlags (unsigned int) : 0
EventTagReader      DEBUG NAME TRTFlags TYPE unsigned int VALUE TRTFlags (unsigned int) : 0
EventTagReader      DEBUG NAME LArFlags TYPE unsigned int VALUE LArFlags (unsigned int) : 0
EventTagReader      DEBUG NAME TileFlags TYPE unsigned int VALUE TileFlags (unsigned int) : 0
EventTagReader      DEBUG NAME MuonFlags TYPE unsigned int VALUE MuonFlags (unsigned int) : 0
EventTagReader      DEBUG NAME ForwardDetFlags TYPE unsigned int VALUE ForwardDetFlags (unsigned int) : 0
EventTagReader      DEBUG NAME CoreFlags TYPE unsigned int VALUE CoreFlags (unsigned int) : 0
EventTagReader      DEBUG NAME IsSimulation TYPE bool VALUE IsSimulation (bool) : FALSE
EventTagReader      DEBUG NAME IsCalibration TYPE bool VALUE IsCalibration (bool) : FALSE
EventTagReader      DEBUG NAME IsTestBeam TYPE bool VALUE IsTestBeam (bool) : FALSE
EventTagReader      DEBUG NAME RandomNumber TYPE float VALUE RandomNumber (float) : 0.286072
EventTagReader      DEBUG NAME ActualIntPerXing TYPE float VALUE ActualIntPerXing (float) : 0
EventTagReader      DEBUG NAME AvgIntPerXing TYPE float VALUE AvgIntPerXing (float) : 0
EventTagReader      DEBUG NAME NCaloClus TYPE unsigned int VALUE NCaloClus (unsigned int) : 0
EventTagReader      DEBUG NAME NTrk TYPE unsigned int VALUE NTrk (unsigned int) : 0
EventTagReader      DEBUG NAME NVtx TYPE unsigned int VALUE NVtx (unsigned int) : 0
EventTagReader      DEBUG NAME VtxX TYPE float VALUE VtxX (float) : 0
EventTagReader      DEBUG NAME VtxY TYPE float VALUE VtxY (float) : 0
EventTagReader      DEBUG NAME VtxZ TYPE float VALUE VtxZ (float) : 0
EventTagReader      DEBUG NAME VtxChiSq TYPE float VALUE VtxChiSq (float) : 0
EventTagReader      DEBUG NAME VtxNDOF TYPE unsigned int VALUE VtxNDOF (unsigned int) : 0
EventTagReader      DEBUG NAME NVtxTight TYPE int VALUE NVtxTight (int) : 0
EventTagReader      DEBUG NAME RecoTimeRAWtoESD TYPE float VALUE RecoTimeRAWtoESD (float) : 0
EventTagReader      DEBUG NAME RecoTimeESDtoAOD TYPE float VALUE RecoTimeESDtoAOD (float) : 0
EventTagReader      DEBUG NAME TEST1_ref TYPE string VALUE TEST1_ref (string) : [DB=1CC9C496-5A51-DA11-92B0-0002B3D87B0F][CNT=POOLContainer(DataHeader)][CLID=D82968A1-CF91-4320-B2DD-E0F739CBC7E6][TECH=00000202][OID=0000000000000005-0000000000000000]
EventTagReader      DEBUG NAME eventRef TYPE string VALUE eventRef (string) : [DB=1CC9C496-5A51-DA11-92B0-0002B3D87B0F][CNT=POOLContainer(DataHeader)][CLID=D82968A1-CF91-4320-B2DD-E0F739CBC7E6][TECH=00000202][OID=0000000000000005-0000000000000000]
AthenaEventLoopMgr   INFO   ===>>>  start processing event #2, run #1 1 events processed so far  <<<===
EventTagReader      DEBUG Executing EventTagReader
EventTagReader      DEBUG Attribute list is: 
EventTagReader      DEBUG NAME RunNumber TYPE unsigned int VALUE RunNumber (unsigned int) : 1
EventTagReader      DEBUG NAME EventNumber TYPE unsigned long long VALUE EventNumber (unsigned long long) : 2
EventTagReader      DEBUG NAME EventTime TYPE unsigned int VALUE EventTime (unsigned int) : 0
EventTagReader      DEBUG NAME EventTimeNanoSec TYPE unsigned int VALUE EventTimeNanoSec (unsigned int) : 0
EventTagReader      DEBUG NAME LumiBlockN TYPE unsigned int VALUE LumiBlockN (unsigned int) : 0
EventTagReader      DEBUG NAME EventWeight TYPE float VALUE EventWeight (float) : 1
EventTagReader      DEBUG NAME BunchId TYPE unsigned int VALUE BunchId (unsigned int) : 0
EventTagReader      DEBUG NAME ConditionsRun TYPE unsigned int VALUE ConditionsRun (unsigned int) : 1
EventTagReader      DEBUG NAME PixelFlags TYPE unsigned int VALUE PixelFlags (unsigned int) : 0
EventTagReader      DEBUG NAME SCTFlags TYPE unsigned int VALUE SCTFlags (unsigned int) : 0
EventTagReader      DEBUG NAME TRTFlags TYPE unsigned int VALUE TRTFlags (unsigned int) : 0
EventTagReader      DEBUG NAME LArFlags TYPE unsigned int VALUE LArFlags (unsigned int) : 0
EventTagReader      DEBUG NAME TileFlags TYPE unsigned int VALUE TileFlags (unsigned int) : 0
EventTagReader      DEBUG NAME MuonFlags TYPE unsigned int VALUE MuonFlags (unsigned int) : 0
EventTagReader      DEBUG NAME ForwardDetFlags TYPE unsigned int VALUE ForwardDetFlags (unsigned int) : 0
EventTagReader      DEBUG NAME CoreFlags TYPE unsigned int VALUE CoreFlags (unsigned int) : 0
EventTagReader      DEBUG NAME IsSimulation TYPE bool VALUE IsSimulation (bool) : FALSE
EventTagReader      DEBUG NAME IsCalibration TYPE bool VALUE IsCalibration (bool) : FALSE
EventTagReader      DEBUG NAME IsTestBeam TYPE bool VALUE IsTestBeam (bool) : FALSE
EventTagReader      DEBUG NAME RandomNumber TYPE float VALUE RandomNumber (float) : 0.366332
EventTagReader      DEBUG NAME ActualIntPerXing TYPE float VALUE ActualIntPerXing (float) : 0
EventTagReader      DEBUG NAME AvgIntPerXing TYPE float VALUE AvgIntPerXing (float) : 0
EventTagReader      DEBUG NAME NCaloClus TYPE unsigned int VALUE NCaloClus (unsigned int) : 0
EventTagReader      DEBUG NAME NTrk TYPE unsigned int VALUE NTrk (unsigned int) : 0
EventTagReader      DEBUG NAME NVtx TYPE unsigned int VALUE NVtx (unsigned int) : 0
EventTagReader      DEBUG NAME VtxX TYPE float VALUE VtxX (float) : 0
EventTagReader      DEBUG NAME VtxY TYPE float VALUE VtxY (float) : 0
EventTagReader      DEBUG NAME VtxZ TYPE float VALUE VtxZ (float) : 0
EventTagReader      DEBUG NAME VtxChiSq TYPE float VALUE VtxChiSq (float) : 0
EventTagReader      DEBUG NAME VtxNDOF TYPE unsigned int VALUE VtxNDOF (unsigned int) : 0
EventTagReader      DEBUG NAME NVtxTight TYPE int VALUE NVtxTight (int) : 0
EventTagReader      DEBUG NAME RecoTimeRAWtoESD TYPE float VALUE RecoTimeRAWtoESD (float) : 0
EventTagReader      DEBUG NAME RecoTimeESDtoAOD TYPE float VALUE RecoTimeESDtoAOD (float) : 0
EventTagReader      DEBUG NAME TEST1_ref TYPE string VALUE TEST1_ref (string) : [DB=1CC9C496-5A51-DA11-92B0-0002B3D87B0F][CNT=POOLContainer(DataHeader)][CLID=D82968A1-CF91-4320-B2DD-E0F739CBC7E6][TECH=00000202][OID=0000000000000005-0000000000000001]
EventTagReader      DEBUG NAME eventRef TYPE string VALUE eventRef (string) : [DB=1CC9C496-5A51-DA11-92B0-0002B3D87B0F][CNT=POOLContainer(DataHeader)][CLID=D82968A1-CF91-4320-B2DD-E0F739CBC7E6][TECH=00000202][OID=0000000000000005-0000000000000001]
AthenaEventLoopMgr   INFO   ===>>>  start processing event #3, run #1 2 events processed so far  <<<===
EventTagReader      DEBUG Executing EventTagReader
EventTagReader      DEBUG Attribute list is: 
EventTagReader      DEBUG NAME RunNumber TYPE unsigned int VALUE RunNumber (unsigned int) : 1
EventTagReader      DEBUG NAME EventNumber TYPE unsigned long long VALUE EventNumber (unsigned long long) : 3
EventTagReader      DEBUG NAME EventTime TYPE unsigned int VALUE EventTime (unsigned int) : 0
EventTagReader      DEBUG NAME EventTimeNanoSec TYPE unsigned int VALUE EventTimeNanoSec (unsigned int) : 0
EventTagReader      DEBUG NAME LumiBlockN TYPE unsigned int VALUE LumiBlockN (unsigned int) : 0
EventTagReader      DEBUG NAME EventWeight TYPE float VALUE EventWeight (float) : 1
EventTagReader      DEBUG NAME BunchId TYPE unsigned int VALUE BunchId (unsigned int) : 0
EventTagReader      DEBUG NAME ConditionsRun TYPE unsigned int VALUE ConditionsRun (unsigned int) : 1
EventTagReader      DEBUG NAME PixelFlags TYPE unsigned int VALUE PixelFlags (unsigned int) : 0
EventTagReader      DEBUG NAME SCTFlags TYPE unsigned int VALUE SCTFlags (unsigned int) : 0
EventTagReader      DEBUG NAME TRTFlags TYPE unsigned int VALUE TRTFlags (unsigned int) : 0
EventTagReader      DEBUG NAME LArFlags TYPE unsigned int VALUE LArFlags (unsigned int) : 0
EventTagReader      DEBUG NAME TileFlags TYPE unsigned int VALUE TileFlags (unsigned int) : 0
EventTagReader      DEBUG NAME MuonFlags TYPE unsigned int VALUE MuonFlags (unsigned int) : 0
EventTagReader      DEBUG NAME ForwardDetFlags TYPE unsigned int VALUE ForwardDetFlags (unsigned int) : 0
EventTagReader      DEBUG NAME CoreFlags TYPE unsigned int VALUE CoreFlags (unsigned int) : 0
EventTagReader      DEBUG NAME IsSimulation TYPE bool VALUE IsSimulation (bool) : FALSE
EventTagReader      DEBUG NAME IsCalibration TYPE bool VALUE IsCalibration (bool) : FALSE
EventTagReader      DEBUG NAME IsTestBeam TYPE bool VALUE IsTestBeam (bool) : FALSE
EventTagReader      DEBUG NAME RandomNumber TYPE float VALUE RandomNumber (float) : 0.942989
EventTagReader      DEBUG NAME ActualIntPerXing TYPE float VALUE ActualIntPerXing (float) : 0
EventTagReader      DEBUG NAME AvgIntPerXing TYPE float VALUE AvgIntPerXing (float) : 0
EventTagReader      DEBUG NAME NCaloClus TYPE unsigned int VALUE NCaloClus (unsigned int) : 0
EventTagReader      DEBUG NAME NTrk TYPE unsigned int VALUE NTrk (unsigned int) : 0
EventTagReader      DEBUG NAME NVtx TYPE unsigned int VALUE NVtx (unsigned int) : 0
EventTagReader      DEBUG NAME VtxX TYPE float VALUE VtxX (float) : 0
EventTagReader      DEBUG NAME VtxY TYPE float VALUE VtxY (float) : 0
EventTagReader      DEBUG NAME VtxZ TYPE float VALUE VtxZ (float) : 0
EventTagReader      DEBUG NAME VtxChiSq TYPE float VALUE VtxChiSq (float) : 0
EventTagReader      DEBUG NAME VtxNDOF TYPE unsigned int VALUE VtxNDOF (unsigned int) : 0
EventTagReader      DEBUG NAME NVtxTight TYPE int VALUE NVtxTight (int) : 0
EventTagReader      DEBUG NAME RecoTimeRAWtoESD TYPE float VALUE RecoTimeRAWtoESD (float) : 0
EventTagReader      DEBUG NAME RecoTimeESDtoAOD TYPE float VALUE RecoTimeESDtoAOD (float) : 0
EventTagReader      DEBUG NAME TEST1_ref TYPE string VALUE TEST1_ref (string) : [DB=1CC9C496-5A51-DA11-92B0-0002B3D87B0F][CNT=POOLContainer(DataHeader)][CLID=D82968A1-CF91-4320-B2DD-E0F739CBC7E6][TECH=00000202][OID=0000000000000005-0000000000000002]
EventTagReader      DEBUG NAME eventRef TYPE string VALUE eventRef (string) : [DB=1CC9C496-5A51-DA11-92B0-0002B3D87B0F][CNT=POOLContainer(DataHeader)][CLID=D82968A1-CF91-4320-B2DD-E0F739CBC7E6][TECH=00000202][OID=0000000000000005-0000000000000002]
AthenaEventLoopMgr   INFO   ===>>>  start processing event #4, run #1 3 events processed so far  <<<===
EventTagReader      DEBUG Executing EventTagReader
EventTagReader      DEBUG Attribute list is: 
EventTagReader      DEBUG NAME RunNumber TYPE unsigned int VALUE RunNumber (unsigned int) : 1
EventTagReader      DEBUG NAME EventNumber TYPE unsigned long long VALUE EventNumber (unsigned long long) : 4
EventTagReader      DEBUG NAME EventTime TYPE unsigned int VALUE EventTime (unsigned int) : 0
EventTagReader      DEBUG NAME EventTimeNanoSec TYPE unsigned int VALUE EventTimeNanoSec (unsigned int) : 0
EventTagReader      DEBUG NAME LumiBlockN TYPE unsigned int VALUE LumiBlockN (unsigned int) : 0
EventTagReader      DEBUG NAME EventWeight TYPE float VALUE EventWeight (float) : 1
EventTagReader      DEBUG NAME BunchId TYPE unsigned int VALUE BunchId (unsigned int) : 0
EventTagReader      DEBUG NAME ConditionsRun TYPE unsigned int VALUE ConditionsRun (unsigned int) : 1
EventTagReader      DEBUG NAME PixelFlags TYPE unsigned int VALUE PixelFlags (unsigned int) : 0
EventTagReader      DEBUG NAME SCTFlags TYPE unsigned int VALUE SCTFlags (unsigned int) : 0
EventTagReader      DEBUG NAME TRTFlags TYPE unsigned int VALUE TRTFlags (unsigned int) : 0
EventTagReader      DEBUG NAME LArFlags TYPE unsigned int VALUE LArFlags (unsigned int) : 0
EventTagReader      DEBUG NAME TileFlags TYPE unsigned int VALUE TileFlags (unsigned int) : 0
EventTagReader      DEBUG NAME MuonFlags TYPE unsigned int VALUE MuonFlags (unsigned int) : 0
EventTagReader      DEBUG NAME ForwardDetFlags TYPE unsigned int VALUE ForwardDetFlags (unsigned int) : 0
EventTagReader      DEBUG NAME CoreFlags TYPE unsigned int VALUE CoreFlags (unsigned int) : 0
EventTagReader      DEBUG NAME IsSimulation TYPE bool VALUE IsSimulation (bool) : FALSE
EventTagReader      DEBUG NAME IsCalibration TYPE bool VALUE IsCalibration (bool) : FALSE
EventTagReader      DEBUG NAME IsTestBeam TYPE bool VALUE IsTestBeam (bool) : FALSE
EventTagReader      DEBUG NAME RandomNumber TYPE float VALUE RandomNumber (float) : 0.278981
EventTagReader      DEBUG NAME ActualIntPerXing TYPE float VALUE ActualIntPerXing (float) : 0
EventTagReader      DEBUG NAME AvgIntPerXing TYPE float VALUE AvgIntPerXing (float) : 0
EventTagReader      DEBUG NAME NCaloClus TYPE unsigned int VALUE NCaloClus (unsigned int) : 0
EventTagReader      DEBUG NAME NTrk TYPE unsigned int VALUE NTrk (unsigned int) : 0
EventTagReader      DEBUG NAME NVtx TYPE unsigned int VALUE NVtx (unsigned int) : 0
EventTagReader      DEBUG NAME VtxX TYPE float VALUE VtxX (float) : 0
EventTagReader      DEBUG NAME VtxY TYPE float VALUE VtxY (float) : 0
EventTagReader      DEBUG NAME VtxZ TYPE float VALUE VtxZ (float) : 0
EventTagReader      DEBUG NAME VtxChiSq TYPE float VALUE VtxChiSq (float) : 0
EventTagReader      DEBUG NAME VtxNDOF TYPE unsigned int VALUE VtxNDOF (unsigned int) : 0
EventTagReader      DEBUG NAME NVtxTight TYPE int VALUE NVtxTight (int) : 0
EventTagReader      DEBUG NAME RecoTimeRAWtoESD TYPE float VALUE RecoTimeRAWtoESD (float) : 0
EventTagReader      DEBUG NAME RecoTimeESDtoAOD TYPE float VALUE RecoTimeESDtoAOD (float) : 0
EventTagReader      DEBUG NAME TEST1_ref TYPE string VALUE TEST1_ref (string) : [DB=1CC9C496-5A51-DA11-92B0-0002B3D87B0F][CNT=POOLContainer(DataHeader)][CLID=D82968A1-CF91-4320-B2DD-E0F739CBC7E6][TECH=00000202][OID=0000000000000005-0000000000000003]
EventTagReader      DEBUG NAME eventRef TYPE string VALUE eventRef (string) : [DB=1CC9C496-5A51-DA11-92B0-0002B3D87B0F][CNT=POOLContainer(DataHeader)][CLID=D82968A1-CF91-4320-B2DD-E0F739CBC7E6][TECH=00000202][OID=0000000000000005-0000000000000003]
AthenaEventLoopMgr   INFO   ===>>>  start processing event #5, run #1 4 events processed so far  <<<===
EventTagReader      DEBUG Executing EventTagReader
EventTagReader      DEBUG Attribute list is: 
EventTagReader      DEBUG NAME RunNumber TYPE unsigned int VALUE RunNumber (unsigned int) : 1
EventTagReader      DEBUG NAME EventNumber TYPE unsigned long long VALUE EventNumber (unsigned long long) : 5
EventTagReader      DEBUG NAME EventTime TYPE unsigned int VALUE EventTime (unsigned int) : 0
EventTagReader      DEBUG NAME EventTimeNanoSec TYPE unsigned int VALUE EventTimeNanoSec (unsigned int) : 0
EventTagReader      DEBUG NAME LumiBlockN TYPE unsigned int VALUE LumiBlockN (unsigned int) : 0
EventTagReader      DEBUG NAME EventWeight TYPE float VALUE EventWeight (float) : 1
EventTagReader      DEBUG NAME BunchId TYPE unsigned int VALUE BunchId (unsigned int) : 0
EventTagReader      DEBUG NAME ConditionsRun TYPE unsigned int VALUE ConditionsRun (unsigned int) : 1
EventTagReader      DEBUG NAME PixelFlags TYPE unsigned int VALUE PixelFlags (unsigned int) : 0
EventTagReader      DEBUG NAME SCTFlags TYPE unsigned int VALUE SCTFlags (unsigned int) : 0
EventTagReader      DEBUG NAME TRTFlags TYPE unsigned int VALUE TRTFlags (unsigned int) : 0
EventTagReader      DEBUG NAME LArFlags TYPE unsigned int VALUE LArFlags (unsigned int) : 0
EventTagReader      DEBUG NAME TileFlags TYPE unsigned int VALUE TileFlags (unsigned int) : 0
EventTagReader      DEBUG NAME MuonFlags TYPE unsigned int VALUE MuonFlags (unsigned int) : 0
EventTagReader      DEBUG NAME ForwardDetFlags TYPE unsigned int VALUE ForwardDetFlags (unsigned int) : 0
EventTagReader      DEBUG NAME CoreFlags TYPE unsigned int VALUE CoreFlags (unsigned int) : 0
EventTagReader      DEBUG NAME IsSimulation TYPE bool VALUE IsSimulation (bool) : FALSE
EventTagReader      DEBUG NAME IsCalibration TYPE bool VALUE IsCalibration (bool) : FALSE
EventTagReader      DEBUG NAME IsTestBeam TYPE bool VALUE IsTestBeam (bool) : FALSE
EventTagReader      DEBUG NAME RandomNumber TYPE float VALUE RandomNumber (float) : 0.18341
EventTagReader      DEBUG NAME ActualIntPerXing TYPE float VALUE ActualIntPerXing (float) : 0
EventTagReader      DEBUG NAME AvgIntPerXing TYPE float VALUE AvgIntPerXing (float) : 0
EventTagReader      DEBUG NAME NCaloClus TYPE unsigned int VALUE NCaloClus (unsigned int) : 0
EventTagReader      DEBUG NAME NTrk TYPE unsigned int VALUE NTrk (unsigned int) : 0
EventTagReader      DEBUG NAME NVtx TYPE unsigned int VALUE NVtx (unsigned int) : 0
EventTagReader      DEBUG NAME VtxX TYPE float VALUE VtxX (float) : 0
EventTagReader      DEBUG NAME VtxY TYPE float VALUE VtxY (float) : 0
EventTagReader      DEBUG NAME VtxZ TYPE float VALUE VtxZ (float) : 0
EventTagReader      DEBUG NAME VtxChiSq TYPE float VALUE VtxChiSq (float) : 0
EventTagReader      DEBUG NAME VtxNDOF TYPE unsigned int VALUE VtxNDOF (unsigned int) : 0
EventTagReader      DEBUG NAME NVtxTight TYPE int VALUE NVtxTight (int) : 0
EventTagReader      DEBUG NAME RecoTimeRAWtoESD TYPE float VALUE RecoTimeRAWtoESD (float) : 0
EventTagReader      DEBUG NAME RecoTimeESDtoAOD TYPE float VALUE RecoTimeESDtoAOD (float) : 0
EventTagReader      DEBUG NAME TEST1_ref TYPE string VALUE TEST1_ref (string) : [DB=1CC9C496-5A51-DA11-92B0-0002B3D87B0F][CNT=POOLContainer(DataHeader)][CLID=D82968A1-CF91-4320-B2DD-E0F739CBC7E6][TECH=00000202][OID=0000000000000005-0000000000000004]
EventTagReader      DEBUG NAME eventRef TYPE string VALUE eventRef (string) : [DB=1CC9C496-5A51-DA11-92B0-0002B3D87B0F][CNT=POOLContainer(DataHeader)][CLID=D82968A1-CF91-4320-B2DD-E0F739CBC7E6][TECH=00000202][OID=0000000000000005-0000000000000004]
ApplicationMgr       INFO Application Manager Stopped successfully
EventTagReader      DEBUG Finalizing EventTagReader
EventTagReader      DEBUG Calling destructor
ApplicationMgr       INFO Application Manager Finalized successfully
ApplicationMgr       INFO Application Manager Terminated successfully
